{"explanation":"Greetings. I am QuantumCopilot, and I will guide you through this quantum circuit.\n\n***\n\n### 1. What the circuit accomplishes (high level)\n\nThis simple yet profound quantum circuit accomplishes the creation of an **entangled state** between two qubits. Specifically, it generates one of the four Bell states, often called the $\\Phi^+$ state. Starting with both qubits in the ground state $|0\\rangle$, it transforms them into a state where their fates are intrinsically linked, regardless of distance.\n\n***\n\n### 2. What each gate does and why it is placed there\n\nLet's break down the circuit step by step:\n\n*   **`qc = QuantumCircuit(2)`**\n    *   **Purpose:** This line initializes a quantum circuit object.\n    *   **Details:** It creates a circuit with 2 qubits. By convention, newly initialized qubits in Qiskit (and most quantum computing platforms) are assumed to be in the $|0\\rangle$ (ground) state. So, our starting state for the two qubits is $|00\\rangle$.\n\n*   **`qc.h(0)`**\n    *   **Gate:** Hadamard (H) gate.\n    *   **Action:** This gate is applied to qubit `0`. The Hadamard gate takes a qubit from a definite state (like $|0\\rangle$ or $|1\\rangle$) and places it into an equal superposition of both states.\n        *   If the input is $|0\\rangle$, the output is $\\frac{1}{\\sqrt{2}}(|0\\rangle + |1\\rangle)$.\n        *   If the input is $|1\\rangle$, the output is $\\frac{1}{\\sqrt{2}}(|0\\rangle - |1\\rangle)$.\n    *   **Why it's placed there:** Its primary role is to create a superposition on the first qubit. After this gate, the state of the system is $\\frac{1}{\\sqrt{2}}(|00\\rangle + |10\\rangle)$ because qubit 0 is now in superposition, while qubit 1 is still in $|0\\rangle$. This superposition is a prerequisite for creating entanglement.\n\n*   **`qc.cx(0,1)`**\n    *   **Gate:** Controlled-X (CX) gate, also known as CNOT (Controlled-NOT) gate.\n    *   **Action:** This is a two-qubit gate. Qubit `0` is the *control* qubit, and qubit `1` is the *target* qubit.\n        *   If the control qubit `0` is in the $|0\\rangle$ state, the target qubit `1` remains unchanged.\n        *   If the control qubit `0` is in the $|1\\rangle$ state, the target qubit `1` is flipped (a NOT operation is applied to it, turning $|0\\rangle$ into $|1\\rangle$ and vice-versa).\n    *   **Why it's placed there:** This gate is crucial for entangling the qubits. It \"copies\" the superposition from the control qubit (qubit 0) onto the target qubit (qubit 1) in a correlated manner.\n        *   From the state $\\frac{1}{\\sqrt{2}}(|00\\rangle + |10\\rangle)$:\n            *   The CNOT sees $|0\\rangle$ on qubit 0 (control), so qubit 1 remains $|0\\rangle$. This preserves the $|00\\rangle$ term.\n            *   The CNOT sees $|1\\rangle$ on qubit 0 (control), so qubit 1 flips from $|0\\rangle$ to $|1\\rangle$. This transforms the $|10\\rangle$ term into $|11\\rangle$.\n        *   The final state of the circuit is $\\frac{1}{\\sqrt{2}}(|00\\rangle + |11\\rangle)$, which is the $\\Phi^+$ Bell state.\n\n***\n\n### 3. The quantum phenomena involved\n\nThis circuit beautifully illustrates two fundamental quantum phenomena:\n\n*   **Superposition:** Introduced by the Hadamard gate on qubit 0. Before the CNOT, qubit 0 exists in a state where it is simultaneously both $|0\\rangle$ and $|1\\rangle$ with equal probability. This is a key departure from classical bits, which can only be 0 or 1.\n\n*   **Entanglement:** Created by the CNOT gate after the superposition. The final state $\\frac{1}{\\sqrt{2}}(|00\\rangle + |11\\rangle)$ is an entangled state. This means the two qubits are so deeply linked that they cannot be described independently.\n    *   If you measure qubit 0 and find it in the $|0\\rangle$ state, you instantaneously know that qubit 1 must also be in the $|0\\rangle$ state.\n    *   If you measure qubit 0 and find it in the $|1\\rangle$ state, you instantaneously know that qubit 1 must also be in the $|1\\rangle$ state.\n    *   There is no possibility of measuring one qubit as $|0\\rangle$ and the other as $|1\\rangle$. This strong correlation, stronger than any classical correlation, is the hallmark of entanglement. This phenomenon defies classical intuition and underpins much of quantum advantage.\n\n***\n\n### 4. Practical applications of this circuit\n\nWhile simple, the entangled state generated by this circuit is a foundational resource for a wide array of quantum technologies:\n\n*   **Quantum Cryptography (e.g., QKD - Quantum Key Distribution):** Entangled pairs are crucial for protocols like BB84 and E91, which allow two parties to establish a provably secure encryption key. Any attempt by an eavesdropper to measure one of the entangled particles would disturb the entanglement, alerting the communicating parties.\n*   **Quantum Teleportation:** This circuit's output (a Bell state) is the core resource required to \"teleport\" an unknown quantum state from one location to another, without physically moving the qubit itself. The information, not matter, is transferred.\n*   **Quantum Computing:** Entangled states are fundamental building blocks for many quantum algorithms (e.g., Shor's algorithm for factoring, Grover's algorithm for searching) and for constructing more complex multi-qubit gates. They allow for the exponential speedup that quantum computers promise.\n*   **Quantum Networks and Internet:** Creating and distributing entangled pairs over long distances is a primary goal for building a future quantum internet, enabling secure communication and distributed quantum computation across separate quantum processors.\n*   **Quantum Sensing and Metrology:** Entangled states can enhance the precision of measurements in sensors (e.g., atomic clocks, gravimeters) beyond the classical limit, leading to extremely sensitive detection capabilities.\n*   **Fundamental Physics Research (Bell Tests):** This very circuit generates the state used in seminal experiments (Bell tests) to demonstrate the non-classical nature of quantum mechanics and reject the concept of \"local realism,\" proving that entanglement is a truly non-local phenomenon.","error":null}
